stm32wbxx_ll_rcc.h:1667:22:LL_RCC_LSE_SetDriveCapability	16	static
stm32wbxx_ll_bus.h:540:22:LL_AHB2_GRP1_EnableClock	24	static
main.c:76:6:delay_us	16	static
main.c:81:6:HAL_ADC_ConvCpltCallback	24	static
main.c:101:5:main	16	static
main.c:184:6:SystemClock_Config	192	static
main.c:269:13:MX_ADC1_Init	32	static
main.c:349:13:MX_I2C1_Init	8	static
main.c:395:13:MX_TIM2_Init	40	static
main.c:440:13:MX_USART1_UART_Init	8	static
main.c:488:13:MX_USB_PCD_Init	8	static
main.c:521:13:MX_GPIO_Init	32	static
main.c:563:6:Error_Handler	4	static,ignoring_inline_asm
